Name Age Sex
---- --- ------
Max  13  male
Lisa 42  female
